2025-11-18 10:47:00 | INFO | repo=course-sys-int-activemq-seminar | action=commit
2025-07-16 07:13:00 | WARN | repo=course-sys-int-activemq-seminar | action=pull
2025-01-15 10:06:00 | WARN | repo=course-sys-int-activemq-seminar | action=commit
2025-07-27 20:56:00 | INFO | repo=course-sys-int-activemq-seminar | action=edit | files=5
2025-05-01 08:46:00 | INFO | repo=course-sys-int-activemq-seminar | action=commit
2025-10-26 07:32:00 | DEBUG | repo=course-sys-int-activemq-seminar | action=test | passed=true
2025-03-09 11:13:00 | WARN | repo=course-sys-int-activemq-seminar | action=pull
2025-11-26 13:32:00 | WARN | repo=course-sys-int-activemq-seminar | action=test | passed=true
2025-05-25 14:00:00 | INFO | repo=course-sys-int-activemq-seminar | action=test | passed=true
2025-11-13 07:32:00 | INFO | repo=course-sys-int-activemq-seminar | action=pull
2025-05-03 09:31:00 | INFO | repo=course-sys-int-activemq-seminar | action=commit
2025-09-18 19:25:00 | INFO | repo=course-sys-int-activemq-seminar | action=commit
2025-12-28 07:10:00 | INFO | repo=course-sys-int-activemq-seminar | action=commit
2025-08-25 20:20:00 | DEBUG | repo=course-sys-int-activemq-seminar | action=pull
2025-02-02 19:40:00 | WARN | repo=course-sys-int-activemq-seminar | action=commit
2025-01-17 09:01:00 | INFO | repo=course-sys-int-activemq-seminar | action=commit
2025-07-27 08:25:00 | INFO | repo=course-sys-int-activemq-seminar | action=commit
2025-09-14 07:18:00 | INFO | repo=course-sys-int-activemq-seminar | action=commit
2025-07-16 15:48:00 | INFO | repo=course-sys-int-activemq-seminar | action=test | passed=true
2025-03-19 12:35:00 | INFO | repo=course-sys-int-activemq-seminar | action=commit
2025-07-03 10:56:00 | WARN | repo=course-sys-int-activemq-seminar | action=commit
2025-02-08 16:37:00 | INFO | repo=course-sys-int-activemq-seminar | action=commit
2025-02-12 11:58:00 | INFO | repo=course-sys-int-activemq-seminar | action=test | passed=true
2025-12-26 14:15:00 | WARN | repo=course-sys-int-activemq-seminar | action=test | passed=true
2025-12-08 09:21:00 | WARN | repo=course-sys-int-activemq-seminar | action=commit
2025-03-13 20:40:00 | WARN | repo=course-sys-int-activemq-seminar | action=commit
